# --------------------------------------------------- // System
# downgrade                                            # downgrade packages
# trash-cli-git                                        # cli to manage trash files
# libinput-gestures                                    # actions touchpad gestures using libinput
# gestures                                             # gui for libinput-gestures
wttrbar                                                # for weather
python-requests|wttrbar                                # script dependency
ddcui                                                  # GUI to control brightness for external monitors
# hyprgui-bin                                          # GUI for hyprland configuration // might mess your userprefs but convenient // Just disappeared
# power-profiles-daemon                                # for managing power profiles from waybar

# --------------------------------------------------- // Shell


# --------------------------------------------------- // Misc
xdg-desktop-portal-gtk                                 # xdg desktop portal using gtk
wf-recorder                                          # Screen recorder for wlroots-based compositors such as sway
kimageformats                                          # plugin for heif/heic and other image formats' support(thumbnail,etc) in qt-based apps
# emote                                                # emoji picker gtk3
# wl-screenrec                                         # High performance hardware accelerated wlroots screen recorder // NO support for NVIDIA
# zbar                                                 # Bar/QR code scanner

# --------------------------------------------------- // Gaming
# steam                                                  # gaming platform
# gamemode                                               # daemon and library for game optimizations
# mangohud                                               # system performance overlay
# gamescope                                            # micro-compositor for gaming
# lutris                                               # Lutris is an open source gaming platform for Linux

# --------------------------------------------------- // Media
vlc
geeqie

# --------------------------------------------------- // reader
okular

# --------------------------------------------------- // Music
cava                                                   # audio visualizer
rmpc
spotify                                                # proprietary music streaming service
spicetify-cli                                          # cli to customize spotify client

# --------------------------------------------------- // Apps
neovim                                               # vim based text editor
tree-sitter-cli
lazygit
ripgrep
bottom
gdu

kate

gnome-characters                                     # emojies
# --------------------------------------------------- // Shell
# --------------------------------------------------- // zsh
# oh-my-zsh-git|zsh                                      # Optional plugin manager for zsh
# pokemon-colorscripts-git|zsh                           # display pokemon sprites (optional)
# pokego-bin|zsh                                         # display pokemon sprites in terminal (written GO)
# zsh-theme-powerlevel10k-git|zsh                        # Powerlevel10k is a theme for Zsh. It emphasizes speed, flexibility and out-of-the-box experience.
bat|zsh                                                  # enhanced version of cat
eza|zsh                                                  # file lister for zsh
duf|zsh                                                  # prettier version of df for zsh
# --------------------------------------------------- // fish
bat|fish                                                 # enhanced version of cat
eza|fish                                                 # file lister
duf|fish                                                 # prettier version of df

# --------------------------------------------------- // Editor

# --------------------------------------------------- // Backends

# --------------------------------------------------- // Lockscreen
#swaylock-effects-git                                   # swaylock with effects // very minimal lockscreen

# --------------------------------------------------- // OSD
swayosd-git                                             #A GTK based on screen display for keyboard shortcuts like caps-lock and volume

# --------------------------------------------------- // Alternative Bar
# wayle-bin                                             # Wayland desktop shell (bar, OSD, notifications, wallpaper)
# matugen-bin|wayle-bin                                 # Material You color generation for dynamic theming

# --------------------------------------------------- // social
discord
telegram-desktop



# --------------------------------------------------- // dev
clang
gcc
pyenv
nvm
gitui
docker
docker-compose
postgresql



# --------------------------------------------------- // python
base-devel
openssl
zlib
xz
tk
uv
python-lsp-server                                       # lsp server for python (installing for kate)
